╭───────────────────────────────Determinism Lab────────────────────────────────╮
│Determinism Lab  Seed: 7  Frame: 0  Status: Live  Fault: off                  │
│                                                                              │
│┌Equivalence──────────────────────────────────┐┌Scene Preview────────────────┐│
││Strategy  Changes   Checksum             Stat││O............................││
││Full            73   0xccfe026a98c6c94a   OK ││..ET....W...WV.F.JEDKT.....P.││
││DirtyRows       73   0xccfe026a98c6c94a   OK ││.............................││
││FullRedraw    1080   0xccfe026a98c6c94a   OK ││.............................││
││                                             ││.............................││
││Timeline: c6c94a                             ││.............................││
││                                             ││.............................││
││Controls: 1/2/3 strategy  [/] seed  Space pau││.............................││
││                                             ││M.....K..LW......JI.I..N....Y││
││                                             ││...R.X...V....A.CH....O..F..G││
││                                             ││.............................││
││                                             ││.............................││
││                                             ││.............................││
││                                             ││.............................││
││                                             ││.............................││
││                                             ││.............................││
││                                             ││S........Z.FA..BG.S...C.E....││
││                                             ││.............................││
│└─────────────────────────────────────────────┘└─────────────────────────────┘│
╰──────────────────────────────────────────────────────────────────────────────╯