╭───────────────────────────────────────────────────Determinism Lab────────────────────────────────────────────────────╮
│Determinism Lab  Seed: 7  Frame: 0  Status: Live  Fault: ON                                                           │
│                                                                                                                      │
│┌Equivalence──────────────────────────────────────────────────────────┐┌Scene Preview────────────────────────────────┐│
││Strategy  Changes   Checksum             Status                      ││O............................................││
││Full            73   0xccfe026a98c6c94a   OK                         ││..ET....W...WV.F.JEDKT.....P.....NU.I....B...││
││DirtyRows       73   0xb4d7558bea9434c5   MISMATCH                   ││.............................................││
││FullRedraw    1080   0xccfe026a98c6c94a   OK                         ││.............................................││
││                                                                     ││.............................................││
││Mismatch: DirtyRows first at (0, 0) delta 1                          ││.............................................││
││                                                                     ││.............................................││
││Timeline: c6c94a                                                     ││.............................................││
││                                                                     ││M.....K..LW......JI.I..N....Y..DUF.......TA..││
││Controls: 1/2/3 strategy  [/] seed  Space pause  F fault  E export   ││...R.X...V....A.CH....O..F..GN....EZ...B...TK││
││                                                                     ││.............................................││
││                                                                     ││.............................................││
││                                                                     ││.............................................││
││                                                                     ││.............................................││
││                                                                     ││.............................................││
││                                                                     ││.............................................││
││                                                                     ││S........Z.FA..BG.S...C.E........R...NA......││
││                                                                     ││.............................................││
││                                                                     ││                                             ││
││                                                                     ││                                             ││
││                                                                     ││                                             ││
││                                                                     ││                                             ││
││                                                                     ││                                             ││
││                                                                     ││                                             ││
││                                                                     ││                                             ││
││                                                                     ││                                             ││
││                                                                     ││                                             ││
││                                                                     ││                                             ││
││                                                                     ││                                             ││
││                                                                     ││                                             ││
││                                                                     ││                                             ││
││                                                                     ││                                             ││
││                                                                     ││                                             ││
││                                                                     ││                                             ││
│└─────────────────────────────────────────────────────────────────────┘└─────────────────────────────────────────────┘│
╰──────────────────────────────────────────────────────────────────────────────────────────────────────────────────────╯