╭────────────────────────────────Macro Recorder────────────────────────────────╮
│State: ▶ Playing   Events: 3   Duration: 0ms   Filtered: 0                    │
│Controls: r record/stop  p play/pause  l loop  +/- speed  Esc stop            │
│Speed: 1.00x   Loop: Off   Progress: 100%                                     │
│                                                                              │
╰──────────────────────────────────────────────────────────────────────────────╯
╭───────────────────Timeline───────────────────╮╭───────Scenario Runner────────╮
│▶ 001  +   0ms  @    0ms  a                   ││Preset scenarios (WIP)        │
│○ 002  +   0ms  @    0ms  b                   ││                              │
│○ 003  +   0ms  @    0ms  c                   ││Tab Tour                      │
│                                              ││  Cycle screens, toggle help, │
│                                              ││                              │
│                                              ││Search Flow                   │
│                                              ││  Open Shakespeare screen, sea│
│                                              ││                              │
│                                              ││Layout Lab                    │
│                                              ││  Adjust constraints and switc│
│                                              ││                              │
│                                              ││                              │
│                                              ││                              │
│                                              ││                              │
│                                              ││                              │
│                                              ││                              │
╰──────────────────────────────────────────────╯╰──────────────────────────────╯