╭────────────Macro Recorder────────────╮
│State: ○ Idle   Events: 0   Duration: │
│Controls: r record/stop  p play/pause │
│Speed: 1.00x   Loop: Off   Progress:  │
│                                      │
╰──────────────────────────────────────╯
╭───────Timeline───────╮╭Scenario Runne╮
│No macro recorded yet.││Preset scenari│
│                      ││              │
╰──────────────────────╯╰──────────────╯